============================================================
DQN-DE Baseline for BBOB Unconstrained (Seeds 42-46)
============================================================
Found 8 training problems, 16 test problems
Configuration: max_evals=10000, pop_size=40, F=0.5, CR=0.5, sweeps=5

========================================
Training with seed 42 for 5 sweeps
========================================
Found 8 training problems, 16 test problems
  Training on 8 problems for 5 sweeps...
    Sweep 1/5: return=550.0000 (from 8 problems, time=8.0s)
    Sweep 2/5: return=524.0000 (from 8 problems, time=7.7s)
    Sweep 3/5: return=516.0000 (from 8 problems, time=5.2s)
    Sweep 4/5: return=553.0000 (from 8 problems, time=7.8s)
    Sweep 5/5: return=535.0000 (from 8 problems, time=7.8s)

[bbob_unconstrained] DQN Training Loss Array (per update step): 990 values, range=[0.1557, 400.6001]
[bbob_unconstrained] DQN Return Array (per sweep): [550.0, 524.0, 516.0, 553.0, 535.0]
[bbob_unconstrained] Return curve saved to /hada/outputs/initial_bbob_unconstrained_0/bbob_unconstrained_return_curves.png
[bbob_unconstrained] Loss curve saved to /hada/outputs/initial_bbob_unconstrained_0/bbob_unconstrained_loss_curves.png
  Training completed for seed 42

========================================
Testing with seed 42
========================================
  [DQN-DE] Testing on 16 problems:
    f3_i1 (f3_i1_d20): score=0.9863, gbest_f=-447.449816, initial=609.333836, opt=-462.090000
    f4_i1 (f4_i1_d20): score=0.9722, gbest_f=-423.154613, initial=937.723157, opt=-462.090000
    f6_i1 (f6_i1_d20): score=0.9965, gbest_f=3045.684204, initial=850710.759009, opt=35.900000
    f7_i1 (f7_i1_d20): score=0.9903, gbest_f=102.653801, initial=1089.687198, opt=92.940000
    f9_i1 (f9_i1_d20): score=0.9989, gbest_f=248.274254, initial=116777.375539, opt=123.830000
    f13_i1 (f13_i1_d20): score=0.8877, gbest_f=279.194191, initial=2249.754432, opt=29.970000
    f14_i1 (f14_i1_d20): score=0.9740, gbest_f=-50.661968, initial=12.666890, opt=-52.350000
    f16_i1 (f16_i1_d20): score=0.6560, gbest_f=85.851970, initial=113.508201, opt=71.350000
    f17_i1 (f17_i1_d20): score=0.9776, gbest_f=-16.632486, initial=-3.194257, opt=-16.940000
    f18_i1 (f18_i1_d20): score=0.9610, gbest_f=-14.070999, initial=56.598654, opt=-16.940000
    f19_i1 (f19_i1_d20): score=0.8385, gbest_f=-97.104335, initial=-68.823530, opt=-102.550000
    f20_i1 (f20_i1_d20): score=1.0000, gbest_f=-544.557801, initial=78496.821819, opt=-546.500000
    f21_i1 (f21_i1_d20): score=0.8806, gbest_f=50.358953, initial=120.972760, opt=40.780000
    f22_i1 (f22_i1_d20): score=0.9900, gbest_f=-999.212872, initial=-921.493432, opt=-1000.000000
    f23_i1 (f23_i1_d20): score=0.6803, gbest_f=9.665464, initial=15.614011, opt=6.870000
    f24_i1 (f24_i1_d20): score=0.6730, gbest_f=284.951178, initial=660.164511, opt=102.610000
  [DQN-DE] Test Mean Score: 0.9039 +/- 0.1216
  [DQN-DE] Testing time: 17.5s
  Seed 42 Summary:
    [DQN-DE] Mean Score: 0.9039 +/- 0.1216
    Total time: 17.5s

========================================
Testing with seed 43
========================================
  [DQN-DE] Testing on 16 problems:
    f3_i1 (f3_i1_d20): score=0.9867, gbest_f=-449.063979, initial=518.978795, opt=-462.090000
    f4_i1 (f4_i1_d20): score=0.9892, gbest_f=-441.949218, initial=1408.670989, opt=-462.090000
    f6_i1 (f6_i1_d20): score=0.8866, gbest_f=109863.040383, initial=968485.732132, opt=35.900000
    f7_i1 (f7_i1_d20): score=0.9530, gbest_f=131.340193, initial=910.134603, opt=92.940000
    f9_i1 (f9_i1_d20): score=0.9997, gbest_f=146.479925, initial=80902.712182, opt=123.830000
    f13_i1 (f13_i1_d20): score=0.9045, gbest_f=211.090203, initial=1927.273107, opt=29.970000
    f14_i1 (f14_i1_d20): score=0.9798, gbest_f=-51.212169, initial=3.880985, opt=-52.350000
    f16_i1 (f16_i1_d20): score=0.6620, gbest_f=86.012062, initial=114.728819, opt=71.350000
    f17_i1 (f17_i1_d20): score=0.9857, gbest_f=-16.528465, initial=11.765312, opt=-16.940000
    f18_i1 (f18_i1_d20): score=0.9359, gbest_f=-9.186461, initial=103.939288, opt=-16.940000
    f19_i1 (f19_i1_d20): score=0.7644, gbest_f=-96.834983, initial=-78.293460, opt=-102.550000
    f20_i1 (f20_i1_d20): score=1.0000, gbest_f=-544.876252, initial=67033.324076, opt=-546.500000
    f21_i1 (f21_i1_d20): score=0.9735, gbest_f=42.905345, initial=120.840170, opt=40.780000
    f22_i1 (f22_i1_d20): score=0.7596, gbest_f=-980.571785, initial=-919.169101, opt=-1000.000000
    f23_i1 (f23_i1_d20): score=0.6048, gbest_f=9.514611, initial=13.562622, opt=6.870000
    f24_i1 (f24_i1_d20): score=0.7440, gbest_f=256.062635, initial=701.960203, opt=102.610000
  [DQN-DE] Test Mean Score: 0.8831 +/- 0.1276
  [DQN-DE] Testing time: 9.4s
  Seed 43 Summary:
    [DQN-DE] Mean Score: 0.8831 +/- 0.1276
    Total time: 9.4s

========================================
Testing with seed 44
========================================
  [DQN-DE] Testing on 16 problems:
    f3_i1 (f3_i1_d20): score=0.9882, gbest_f=-452.912395, initial=317.141187, opt=-462.090000
    f4_i1 (f4_i1_d20): score=0.9683, gbest_f=-425.794450, initial=681.991664, opt=-462.090000
    f6_i1 (f6_i1_d20): score=0.9681, gbest_f=17986.246663, initial=562542.436489, opt=35.900000
    f7_i1 (f7_i1_d20): score=0.9424, gbest_f=146.924779, initial=1030.497281, opt=92.940000
    f9_i1 (f9_i1_d20): score=0.9994, gbest_f=172.846588, initial=86787.877449, opt=123.830000
    f13_i1 (f13_i1_d20): score=0.8675, gbest_f=299.174823, initial=2061.133510, opt=29.970000
    f14_i1 (f14_i1_d20): score=0.9811, gbest_f=-51.090409, initial=14.334482, opt=-52.350000
    f16_i1 (f16_i1_d20): score=0.3962, gbest_f=96.318324, initial=112.702077, opt=71.350000
    f17_i1 (f17_i1_d20): score=0.9722, gbest_f=-16.525214, initial=-2.008620, opt=-16.940000
    f18_i1 (f18_i1_d20): score=0.9198, gbest_f=-11.798593, initial=47.130240, opt=-16.940000
    f19_i1 (f19_i1_d20): score=0.8164, gbest_f=-97.459584, initial=-74.824895, opt=-102.550000
    f20_i1 (f20_i1_d20): score=1.0000, gbest_f=-544.496890, initial=53231.905526, opt=-546.500000
    f21_i1 (f21_i1_d20): score=0.9605, gbest_f=44.034823, initial=123.096492, opt=40.780000
    f22_i1 (f22_i1_d20): score=0.9748, gbest_f=-997.890822, initial=-916.272997, opt=-1000.000000
    f23_i1 (f23_i1_d20): score=0.5078, gbest_f=9.036152, initial=11.271281, opt=6.870000
    f24_i1 (f24_i1_d20): score=0.7379, gbest_f=270.624425, initial=743.548867, opt=102.610000
  [DQN-DE] Test Mean Score: 0.8750 +/- 0.1754
  [DQN-DE] Testing time: 12.9s
  Seed 44 Summary:
    [DQN-DE] Mean Score: 0.8750 +/- 0.1754
    Total time: 12.9s

========================================
Testing with seed 45
========================================
  [DQN-DE] Testing on 16 problems:
    f3_i1 (f3_i1_d20): score=0.9914, gbest_f=-457.097325, initial=121.676999, opt=-462.090000
    f4_i1 (f4_i1_d20): score=0.9747, gbest_f=-434.067622, initial=647.596520, opt=-462.090000
    f6_i1 (f6_i1_d20): score=0.8920, gbest_f=63059.283878, initial=583588.969643, opt=35.900000
    f7_i1 (f7_i1_d20): score=0.9887, gbest_f=104.362184, initial=1099.506394, opt=92.940000
    f9_i1 (f9_i1_d20): score=0.9989, gbest_f=235.652292, initial=97865.717479, opt=123.830000
    f13_i1 (f13_i1_d20): score=0.5536, gbest_f=959.083538, initial=2111.151968, opt=29.970000
    f14_i1 (f14_i1_d20): score=0.9848, gbest_f=-51.816409, initial=-17.169328, opt=-52.350000
    f16_i1 (f16_i1_d20): score=0.4696, gbest_f=94.058315, initial=114.165764, opt=71.350000
    f17_i1 (f17_i1_d20): score=0.9707, gbest_f=-16.410013, initial=1.159587, opt=-16.940000
    f18_i1 (f18_i1_d20): score=0.9686, gbest_f=-14.602532, initial=57.468096, opt=-16.940000
    f19_i1 (f19_i1_d20): score=0.8082, gbest_f=-97.577915, initial=-76.624632, opt=-102.550000
    f20_i1 (f20_i1_d20): score=1.0000, gbest_f=-545.626213, initial=79282.812276, opt=-546.500000
    f21_i1 (f21_i1_d20): score=0.9690, gbest_f=43.295612, initial=122.017812, opt=40.780000
    f22_i1 (f22_i1_d20): score=0.8102, gbest_f=-984.266037, initial=-917.101043, opt=-1000.000000
    f23_i1 (f23_i1_d20): score=0.6764, gbest_f=9.025625, initial=13.531540, opt=6.870000
    f24_i1 (f24_i1_d20): score=0.6810, gbest_f=261.360665, initial=600.256261, opt=102.610000
  [DQN-DE] Test Mean Score: 0.8586 +/- 0.1687
  [DQN-DE] Testing time: 14.2s
  Seed 45 Summary:
    [DQN-DE] Mean Score: 0.8586 +/- 0.1687
    Total time: 14.2s

========================================
Testing with seed 46
========================================
  [DQN-DE] Testing on 16 problems:
    f3_i1 (f3_i1_d20): score=0.9885, gbest_f=-454.036469, initial=237.731800, opt=-462.090000
    f4_i1 (f4_i1_d20): score=0.9521, gbest_f=-417.047935, initial=478.694471, opt=-462.090000
    f6_i1 (f6_i1_d20): score=0.9705, gbest_f=19547.087084, initial=662026.943906, opt=35.900000
    f7_i1 (f7_i1_d20): score=0.9832, gbest_f=116.809205, initial=1511.113045, opt=92.940000
    f9_i1 (f9_i1_d20): score=0.9993, gbest_f=205.406806, initial=113273.391264, opt=123.830000
    f13_i1 (f13_i1_d20): score=0.8137, gbest_f=420.127371, initial=2124.109950, opt=29.970000
    f14_i1 (f14_i1_d20): score=0.9867, gbest_f=-51.877496, initial=-16.735575, opt=-52.350000
    f16_i1 (f16_i1_d20): score=0.3011, gbest_f=96.086775, initial=106.745165, opt=71.350000
    f17_i1 (f17_i1_d20): score=0.9647, gbest_f=-16.118559, initial=6.357107, opt=-16.940000
    f18_i1 (f18_i1_d20): score=0.8401, gbest_f=-5.388605, initial=55.292126, opt=-16.940000
    f19_i1 (f19_i1_d20): score=0.8006, gbest_f=-97.444716, initial=-76.945038, opt=-102.550000
    f20_i1 (f20_i1_d20): score=1.0000, gbest_f=-544.308278, initial=60542.471410, opt=-546.500000
    f21_i1 (f21_i1_d20): score=0.9559, gbest_f=44.041004, initial=114.792688, opt=40.780000
    f22_i1 (f22_i1_d20): score=0.9739, gbest_f=-997.846365, initial=-917.568854, opt=-1000.000000
    f23_i1 (f23_i1_d20): score=0.4976, gbest_f=9.093287, initial=11.295437, opt=6.870000
    f24_i1 (f24_i1_d20): score=0.7934, gbest_f=209.598851, initial=620.347628, opt=102.610000
  [DQN-DE] Test Mean Score: 0.8638 +/- 0.1928
  [DQN-DE] Testing time: 11.8s
  Seed 46 Summary:
    [DQN-DE] Mean Score: 0.8638 +/- 0.1928
    Total time: 11.8s

============================================================
Overall Results Summary (Seeds 42-46)
============================================================
[DQN-DE] Mean Score: 0.8769 +/- 0.0160

Per-seed means: ['0.9039', '0.8831', '0.8750', '0.8586', '0.8638']
  f3_i1: 0.9882 +/- 0.0018
  f4_i1: 0.9713 +/- 0.0119
  f6_i1: 0.9427 +/- 0.0448
  f7_i1: 0.9715 +/- 0.0198
  f9_i1: 0.9992 +/- 0.0003
  f13_i1: 0.8054 +/- 0.1296
  f14_i1: 0.9813 +/- 0.0044
  f16_i1: 0.4970 +/- 0.1427
  f17_i1: 0.9742 +/- 0.0071
  f18_i1: 0.9251 +/- 0.0459
  f19_i1: 0.8056 +/- 0.0242
  f20_i1: 1.0000 +/- 0.0000
  f21_i1: 0.9479 +/- 0.0342
  f22_i1: 0.9017 +/- 0.0968
  f23_i1: 0.5934 +/- 0.0788
  f24_i1: 0.7258 +/- 0.0444

Results saved to /hada/baselines/bbob_unconstrained/outputs/dqn_de_results.json
Predictions saved to /hada/outputs/initial_bbob_unconstrained_0/predictions.csv
  Training curve saved for seed 42: /hada/baselines/bbob_unconstrained/outputs/dqn_de_training_seed42.png
Cleaned up model cache: /hada/metabbo/dqn_model.pt
{
  "score": 0.8768993807115569,
  "mean_gbest_f": 0.0,
  "total": 16,
  "mean_score": 0.8768993807115569
}
